// Jest Snapshot v1, https://goo.gl/fbAQLP

exports[`renders MainPage without crashing 1`] = `
<div
  className="tc"
>
  <h1
    className="light-green f1"
  >
    ROBOTIC FRIENDS
  </h1>
  <CounterButton />
  <SearchBox />
  <Scroll
    id="scroll"
  >
    <ErrorBoundary>
      <CardList
        robots={Array []}
      />
    </ErrorBoundary>
  </Scroll>
</div>
`;
